// Vitest Snapshot v1

exports[`mount component 1`] = `
"<div class=\\"about\\">
  <h1>This is an about page</h1><br>
  <div>Counter: 3</div><button>Increment</button>
</div>"
`;
